// Jest Snapshot v1, https://jestjs.io/docs/snapshot-testing

exports[`dangling-comments.js format 1`] = `
====================================options=====================================
parsers: ["flow"]
                                                      printWidth: 80 (default) |
=====================================input======================================
type T1 = {|/* comment */|};
type T2 = {|
/* comment */|};
type T3 = {|/* comment */
|};
type T4 = {|// comment
|};
type T5 = {|/* comment */ /* comment */|};
type T6 = {|/* comment */ // comment
|};

=====================================output=====================================
type T1 = {| /* comment */ |};
type T2 = {| /* comment */ |};
type T3 = {| /* comment */ |};
type T4 = {|
  // comment
|};
type T5 = {|
  /* comment */
  /* comment */
|};
type T6 = {|
  /* comment */
  // comment
|};

================================================================================
`;
