// Jest Snapshot v1, https://goo.gl/fbAQLP

exports[`shebang.js 1`] = `
====================================options=====================================
parsers: ["flow", "typescript", "babel"]
printWidth: 80
                                                                                | printWidth
=====================================input======================================
#!/usr/bin/env node
function a() {}

=====================================output=====================================
#!/usr/bin/env node
function a() {}

================================================================================
`;

exports[`shebang-newline.js 1`] = `
====================================options=====================================
parsers: ["flow", "typescript", "babel"]
printWidth: 80
                                                                                | printWidth
=====================================input======================================
#!/usr/bin/env node

function a() {}

=====================================output=====================================
#!/usr/bin/env node

function a() {}

================================================================================
`;
