// Jest Snapshot v1, https://goo.gl/fbAQLP

exports[`test.js - flow-verify 1`] = `
/* @flow */

class Foo {
  annotationOnly: string;
  initOnly = 'asdf';
  initWithAnnotation: string = 'asdf';
}
~~~~~~~~~~~~~~~~~~~~~~~~~~~~~~~~~~~~~~~~~~~~~~~~~~~~~~~~~~~~~~~~~~~~~~~~~~~~~~~~
/* @flow */

class Foo {
  annotationOnly: string;
  initOnly = "asdf";
  initWithAnnotation: string = "asdf";
}

`;
