// Jest Snapshot v1, https://goo.gl/fbAQLP

exports[`f.js format 1`] = `
====================================options=====================================
parsers: ["flow"]
printWidth: 80
                                                                                | printWidth
=====================================input======================================
/* demo */

function f(x) { return 42/x; }

var x = null;
//...

f(x);

=====================================output=====================================
/* demo */

function f(x) {
  return 42 / x;
}

var x = null;
//...

f(x);

================================================================================
`;
