// Jest Snapshot v1, https://goo.gl/fbAQLP

exports[`for.js 1`] = `
"for (;;) {}
for (var i = 0; i < 10; ++i) {}
~~~~~~~~~~~~~~~~~~~~~~~~~~~~~~~~~~~~~~~~~~~~~~~~~~~~~~~~~~~~~~~~~~~~~~~~~~~~~~~~
for (;;) {
}
for (var i = 0; i < 10; ++i) {
}
"
`;

exports[`for.js 2`] = `
"for (;;) {}
for (var i = 0; i < 10; ++i) {}
~~~~~~~~~~~~~~~~~~~~~~~~~~~~~~~~~~~~~~~~~~~~~~~~~~~~~~~~~~~~~~~~~~~~~~~~~~~~~~~~
for (;;) {
}
for (var i = 0; i < 10; ++i) {
}
"
`;

exports[`in.js 1`] = `
"for ((x in a);;) {}
for (a=(a in b);;) {}
~~~~~~~~~~~~~~~~~~~~~~~~~~~~~~~~~~~~~~~~~~~~~~~~~~~~~~~~~~~~~~~~~~~~~~~~~~~~~~~~
for ((x in a); ; ) {
}
for (a = (a in b); ; ) {
}
"
`;

exports[`in.js 2`] = `
"for ((x in a);;) {}
for (a=(a in b);;) {}
~~~~~~~~~~~~~~~~~~~~~~~~~~~~~~~~~~~~~~~~~~~~~~~~~~~~~~~~~~~~~~~~~~~~~~~~~~~~~~~~
for ((x in a); ; ) {
}
for (a = (a in b); ; ) {
}
"
`;

exports[`var.js 1`] = `
"for (a in b) var c = {}; [];
~~~~~~~~~~~~~~~~~~~~~~~~~~~~~~~~~~~~~~~~~~~~~~~~~~~~~~~~~~~~~~~~~~~~~~~~~~~~~~~~
for (a in b)
  var c = {};
[];
"
`;

exports[`var.js 2`] = `
"for (a in b) var c = {}; [];
~~~~~~~~~~~~~~~~~~~~~~~~~~~~~~~~~~~~~~~~~~~~~~~~~~~~~~~~~~~~~~~~~~~~~~~~~~~~~~~~
for (a in b)
  var c = {};
[];
"
`;
