// Jest Snapshot v1, https://goo.gl/fbAQLP

exports[`kitchen_sink.php 1`] = `
<?php

function hello($input){
    return "hello" + $input;
}

$i = 0;
if ($test == 1) {
  switch ($test) {
    case ($test == 1):
      $i = 2;
    case ($test == 2):
      $i = 3;
    default:
      $i = 1;
  }
  for ($i = 1; $i <= $test; $i++) {
    hello($i);
  }
}~~~~~~~~~~~~~~~~~~~~~~~~~~~~~~~~~~~~~~~~~~~~~~~~~~~~~~~~~~~~~~~~~~~~~~~~~~~~~~~~
<?php
function hello($input) {
  return 'hello' + $input;
}
$i = 0;
if ($test == 1) {
  switch ($test) {
    case ($test == 1):
      $i = 2;
    case ($test == 2):
      $i = 3;
    default:
      $i = 1;
  }
  for ($i = 1;$i <= $test;$i++;) {
    hello($i)
  }
}
`;
