// Jest Snapshot v1, https://goo.gl/fbAQLP

exports[`empty format 1`] = `
====================================options=====================================
parsers: ["flow", "babel", "babel-flow", "babel-ts", "typescript", "css", "less", "scss", "json", "json5", "json-stringify", "graphql", "markdown", "mdx", "vue", "yaml", "html", "angular", "lwc"]
printWidth: 80
                                                                                | printWidth
=====================================input======================================

=====================================output=====================================

================================================================================
`;

exports[`newline format 1`] = `
====================================options=====================================
parsers: ["flow", "babel", "babel-flow", "babel-ts", "typescript", "css", "less", "scss", "json", "json5", "json-stringify", "graphql", "markdown", "mdx", "vue", "yaml", "html", "angular", "lwc"]
printWidth: 80
                                                                                | printWidth
=====================================input======================================


=====================================output=====================================

================================================================================
`;

exports[`space format 1`] = `
====================================options=====================================
parsers: ["flow", "babel", "babel-flow", "babel-ts", "typescript", "css", "less", "scss", "json", "json5", "json-stringify", "graphql", "markdown", "mdx", "vue", "yaml", "html", "angular", "lwc"]
printWidth: 80
                                                                                | printWidth
=====================================input======================================
 

=====================================output=====================================

================================================================================
`;

exports[`space-newline format 1`] = `
====================================options=====================================
parsers: ["flow", "babel", "babel-flow", "babel-ts", "typescript", "css", "less", "scss", "json", "json5", "json-stringify", "graphql", "markdown", "mdx", "vue", "yaml", "html", "angular", "lwc"]
printWidth: 80
                                                                                | printWidth
=====================================input======================================
 

=====================================output=====================================

================================================================================
`;
