// Jest Snapshot v1, https://goo.gl/fbAQLP

exports[`timers.js 1`] = `
// @flow

function setImmediateCallback(): number {
  return 0;
}

setImmediate(setImmediateCallback);
~~~~~~~~~~~~~~~~~~~~~~~~~~~~~~~~~~~~~~~~~~~~~~~~~~~~~~~~~~~~~~~~~~~~~~~~~~~~~~~~
// @flow

function setImmediateCallback(): number {
  return 0;
}

setImmediate(setImmediateCallback);

`;
