// Jest Snapshot v1, https://goo.gl/fbAQLP

exports[`decorator-auto-accessor-like-property-name.ts - {"semi":false} format 1`] = `
====================================options=====================================
parsers: ["typescript"]
printWidth: 80
semi: false
                                                                                | printWidth
=====================================input======================================
class C {
  accessor;
  bar;
}

=====================================output=====================================
class C {
  accessor
  bar
}

================================================================================
`;
