// Jest Snapshot v1, https://goo.gl/fbAQLP

exports[`main.js - flow-verify 1`] = `
// @flow

(<fbt />: number);
(<fbt />: string); // Error (the libdef in this test marks fbt as number)
~~~~~~~~~~~~~~~~~~~~~~~~~~~~~~~~~~~~~~~~~~~~~~~~~~~~~~~~~~~~~~~~~~~~~~~~~~~~~~~~
// @flow

(<fbt />: number);
(<fbt />: string); // Error (the libdef in this test marks fbt as number)

`;
