// Jest Snapshot v1, https://goo.gl/fbAQLP

exports[`empty_switch.js 1`] = `
"switch (1) { default:; }
switch (1) {}
~~~~~~~~~~~~~~~~~~~~~~~~~~~~~~~~~~~~~~~~~~~~~~~~~~~~~~~~~~~~~~~~~~~~~~~~~~~~~~~~
switch (1) {
  default:
}
switch (1) {
}
"
`;

exports[`empty_switch.js 2`] = `
"switch (1) { default:; }
switch (1) {}
~~~~~~~~~~~~~~~~~~~~~~~~~~~~~~~~~~~~~~~~~~~~~~~~~~~~~~~~~~~~~~~~~~~~~~~~~~~~~~~~
switch (1) {
  default:
}
switch (1) {
}
"
`;
