// Jest Snapshot v1, https://goo.gl/fbAQLP

exports[`parameterProperty.ts format 1`] = `
====================================options=====================================
parsers: ["typescript"]
printWidth: 80
                                                                                | printWidth
=====================================input======================================
class A {
  constructor(public arg: number = 10) {
    // fails because of comment
  }
}

=====================================output=====================================
class A {
  constructor(public arg: number = 10) {
    // fails because of comment
  }
}

================================================================================
`;
