exports[`test directives.js 1`] = `
"\"use strict\";

function fn() {
  \"use strict\";
}
~~~~~~~~~~~~~~~~~~~~~~~~~~~~~~~~~~~~~~~~~~~~~~~~~~~~~~~~~~~~~~~~~~~~~~~~~~~~~~~~
\"use strict\";

function fn() {
  \"use strict\";
}
"
`;

exports[`test optional-type-name.js 1`] = `
"type Foo = (any) => string

type Bar = { [string]: number }
~~~~~~~~~~~~~~~~~~~~~~~~~~~~~~~~~~~~~~~~~~~~~~~~~~~~~~~~~~~~~~~~~~~~~~~~~~~~~~~~
type Foo = (any) => string;

type Bar = { [string]: number };
"
`;
