// Jest Snapshot v1, https://jestjs.io/docs/snapshot-testing

exports[`formatAST Shorthand specifier 1`] = `
"export { specifier1 as specifier2 };
"
`;

exports[`formatAST Shorthand specifier 2 1`] = `
"export { specifier1 as specifier2 };
"
`;

exports[`formatAST Shorthand specifier 3 1`] = `
"export { "specifier" as specifier };
"
`;

exports[`formatAST Shorthand specifier 4 1`] = `
"export { "specifier" as "specifier" };
"
`;
