// Jest Snapshot v1, https://goo.gl/fbAQLP

exports[`semicolon.js 1`] = `
====================================options=====================================
parsers: ["babylon", "flow", "typescript"]
printWidth: 80
                                                                                | printWidth
=====================================input======================================
;

=====================================output=====================================


================================================================================
`;
