// Jest Snapshot v1, https://goo.gl/fbAQLP

exports[`indexedAccesType.ts format 1`] = `
====================================options=====================================
parsers: ["typescript"]
printWidth: 80
                                                                                | printWidth
=====================================input======================================
const a: Foo['bar'] = {
  baz: 'yawp'
}

=====================================output=====================================
const a: Foo["bar"] = {
  baz: "yawp",
};

================================================================================
`;
