// Jest Snapshot v1, https://goo.gl/fbAQLP

exports[`private.js 1`] = `
class A {
  x: number;
  _x: string;
  __x: number;
  constructor() { this.x = 0; this._x = ""; this.__x = 0; }
}

class B extends A {
  foo() {
    var x: number = this.x;
    var _x: string = this._x;
    var __x: number = this.__x;
  }
}
~~~~~~~~~~~~~~~~~~~~~~~~~~~~~~~~~~~~~~~~~~~~~~~~~~~~~~~~~~~~~~~~~~~~~~~~~~~~~~~~
class A {
  x: number;
  _x: string;
  __x: number;
  constructor() {
    this.x = 0;
    this._x = "";
    this.__x = 0;
  }
}

class B extends A {
  foo() {
    var x: number = this.x;
    var _x: string = this._x;
    var __x: number = this.__x;
  }
}

`;
